Godot Engine v4.7.2.stable.official.ed1daf0bf - https://godotengine.org

ERROR: Failed to read the root certificate store.
   at: get_system_ca_certificates (platform/windows/os_windows.cpp:2582)
ERROR: Condition "!actions.custom_samplers.has(function->arguments[j].tex_builtin)" is true. Continuing.
   at: _dump_node_code (servers/rendering/shader_compiler.cpp:1329)
   GDScript backtrace (most recent call first):
       [0] shader_material (res://scripts/lighting.gd:344)
       [1] lit_material (res://scripts/lighting.gd:356)
       [2] apply_lit_material (res://scripts/room_tiles.gd:199)
       [3] build (res://scripts/room.gd:120)
       [4] run (res://tools/validate_creatures_v2.gd:22)
ERROR: Condition "!actions.custom_samplers.has(function->arguments[j].tex_builtin)" is true. Continuing.
   at: _dump_node_code (servers/rendering/shader_compiler.cpp:1329)
   GDScript backtrace (most recent call first):
       [0] shader_material (res://scripts/lighting.gd:344)
       [1] lit_material (res://scripts/lighting.gd:356)
       [2] apply_lit_material (res://scripts/room_tiles.gd:199)
       [3] build (res://scripts/room.gd:120)
       [4] run (res://tools/validate_creatures_v2.gd:22)
ERROR: Condition "!actions.custom_samplers.has(function->arguments[j].tex_builtin)" is true. Continuing.
   at: _dump_node_code (servers/rendering/shader_compiler.cpp:1329)
   GDScript backtrace (most recent call first):
       [0] shader_material (res://scripts/lighting.gd:344)
       [1] _build_fixtures (res://scripts/room.gd:430)
       [2] build (res://scripts/room.gd:141)
       [3] run (res://tools/validate_creatures_v2.gd:22)
ERROR: Condition "!actions.custom_samplers.has(function->arguments[j].tex_builtin)" is true. Continuing.
   at: _dump_node_code (servers/rendering/shader_compiler.cpp:1329)
   GDScript backtrace (most recent call first):
       [0] shader_material (res://scripts/lighting.gd:344)
       [1] _build_fixtures (res://scripts/room.gd:430)
       [2] build (res://scripts/room.gd:141)
       [3] run (res://tools/validate_creatures_v2.gd:22)
CREATURE_V2: PASS []
