Godot Engine v4.7.2.stable.official.ed1daf0bf - https://godotengine.org

ERROR: Failed to read the root certificate store.
   at: get_system_ca_certificates (platform/windows/os_windows.cpp:2582)
[   0% ] first_scan_filesystem | Started 프로젝트 초기화 (5 steps)
[   0% ] first_scan_filesystem | 파일 구조 스캔 중...
[  16% ] first_scan_filesystem | 전역 클래스 이름을 불러오는 중...
[  33% ] first_scan_filesystem | GDExtensions 검증 중...
[  50% ] first_scan_filesystem | 오토로드 스크립트를 만드는 중...
[  66% ] first_scan_filesystem | 플러그인을 초기화 중...
[  83% ] first_scan_filesystem | 파일 스캔 시작 중...
[ DONE ] first_scan_filesystem

[   0% ] update_scripts_classes | Started 전역 클래스를 등록하는 중... (14 steps)
[   0% ] update_scripts_classes | Crawler
[   6% ] update_scripts_classes | 
[  13% ] update_scripts_classes | ObstacleExplosion
[  20% ] update_scripts_classes | ObstacleProp
[  26% ] update_scripts_classes | Player
[  33% ] update_scripts_classes | Room
[  40% ] update_scripts_classes | RoomData
[  46% ] update_scripts_classes | WeaponFx
[  53% ] update_scripts_classes | WeaponProjectile
[  60% ] update_scripts_classes | 
[  66% ] update_scripts_classes | 
[  73% ] update_scripts_classes | 
[  80% ] update_scripts_classes | 
[  86% ] update_scripts_classes | 
[ DONE ] update_scripts_classes

[   0% ] _update_scan_actions | Started 액션 스캔 중... (25 steps)
[   0% ] _update_scan_actions | arc_orb.png
[   3% ] _update_scan_actions | arc_weaver.png
[   7% ] _update_scan_actions | bulldog_body.png
[  11% ] _update_scan_actions | bulldog_equipped.png
[  15% ] _update_scan_actions | bulldog_gun.png
[  19% ] _update_scan_actions | bulldog_leg_back.png
[  23% ] _update_scan_actions | bulldog_leg_front.png
[  26% ] _update_scan_actions | bulldog_pellet.png
[  30% ] _update_scan_actions | coil_body.png
[  34% ] _update_scan_actions | coil_dart.png
[  38% ] _update_scan_actions | coil_equipped.png
[  42% ] _update_scan_actions | coil_gun.png
[  46% ] _update_scan_actions | coil_leg_back.png
[  50% ] _update_scan_actions | coil_leg_front.png
[  53% ] _update_scan_actions | 01_bulldog_pose.png
[  57% ] _update_scan_actions | 02b_coil_aim_up.png
[  61% ] _update_scan_actions | 02c_coil_left.png
[  65% ] _update_scan_actions | 02_coil_pose.png
[  69% ] _update_scan_actions | 03_bulldog_fire.png
[  73% ] _update_scan_actions | 04_coil_charge.png
[  76% ] _update_scan_actions | 05_coil_flight.png
[  80% ] _update_scan_actions | 06_light_on.png
[  84% ] _update_scan_actions | 07_light_off.png
[  88% ] _update_scan_actions | 08_arc_mount.png
[  92% ] _update_scan_actions | 09_arc_flight.png
[ DONE ] _update_scan_actions

[   0% ] reimport | Started 애셋 (다시) 가져오는 중 (13 steps)
[   0% ] reimport | 다시 가져올 파일을 준비 중...
[   7% ] reimport | 다시 가져올 파일을 준비 중...
[  14% ] reimport | 다시 가져올 파일을 준비 중...
[  21% ] reimport | 다시 가져올 파일을 준비 중...
[  28% ] reimport | 다시 가져올 파일을 준비 중...
[  35% ] reimport | 다시 가져올 파일을 준비 중...
[  42% ] reimport | 다시 가져올 파일을 준비 중...
[  50% ] reimport | 다시 가져올 파일을 준비 중...
[  57% ] reimport | 다시 가져올 파일을 준비 중...
[  64% ] reimport | 다시 가져올 파일을 준비 중...
[  71% ] reimport | 다시 가져올 파일을 준비 중...
[  78% ] reimport | 다시 가져올 파일을 준비 중...
[  85% ] reimport | 다시 가져올 파일을 준비 중...
[   0% ] reimport | 다시 가져오기 전 작업을 수행 중...
[   0% ] reimport | bulldog_body.png
[   7% ] reimport | coil_body.png
[  14% ] reimport | 01_bulldog_pose.png
[  14% ] reimport | 01_bulldog_pose.png
[  21% ] reimport | 02b_coil_aim_up.png
[  28% ] reimport | 02c_coil_left.png
[  35% ] reimport | 02_coil_pose.png
[  42% ] reimport | 03_bulldog_fire.png
[  50% ] reimport | 04_coil_charge.png
[  57% ] reimport | 05_coil_flight.png
[  64% ] reimport | 06_light_on.png
[  71% ] reimport | 07_light_off.png
[  78% ] reimport | 08_arc_mount.png
[  78% ] reimport | 08_arc_mount.png
[  85% ] reimport | 09_arc_flight.png
[  92% ] reimport | 애셋 가져오기 마무리 중...
[ DONE ] reimport

[   0% ] reimport | Started 애셋 (다시) 가져오는 중 (13 steps)
[   0% ] reimport | 다시 가져오기 후 작업을 수행 중...
[ DONE ] reimport

[   0% ] loading_editor_layout | Started 편집기를 불러오는 중 (5 steps)
[   0% ] loading_editor_layout | 편집기 레이아웃을 불러오는 중...
[  16% ] loading_editor_layout | 독을 불러오는 중...
[ DONE ] loading_editor_layout

ERROR: Cannot save file 'C:/Users/vnvnc/AppData/Roaming/Godot/editor_settings-4.7.tres'.
   at: save (scene/resources/resource_format_text.cpp:1768)
ERROR: Error saving editor settings to C:/Users/vnvnc/AppData/Roaming/Godot/editor_settings-4.7.tres
   at: save (editor/settings/editor_settings.cpp:1525)
